Turbo Assembler	 Version 4.1	    02/10/26 11:42:33	    Page 1
final.asm



      1	0000			     .model tiny
      2	0000			     .code
      3				     org 100h
      4
      5	0100  B8 B81E		     start:	     mov ax, 0b81Eh
      6	0103  8E C0				     mov es, ax
      7
      8	0105  BB 0080				     mov bx, 80h
      9	0108  8A 0F				     mov cl, [bx]
     10	010A  43				     inc bx
     11	010B  8B F3				     mov si, bx
     12	010D  33 FF				     xor di, di
     13
     14	010F  B4 CE				     mov ah, 0ceh
     15
     16	0111  AC		     whilye:	     lodsb
     17	0112  AB				     stosw
     18
     19	0113  FE C9				     dec cl
     20	0115  75 FA				     jne whilye
     21
     22	0117  B8 4C00				     mov ax, 4c00h
     23	011A  CD 21				     int 21h
     24
     25	011C  64 00 64*(00)	     buffer	     db	100d, 0h, 100d dup(0)
     26
     27				     end start
Turbo Assembler	 Version 4.1	    02/10/26 11:42:33	    Page 2
Symbol Table




Symbol Name			  Type	 Value

??DATE				  Text	 "02/10/26"
??FILENAME			  Text	 "final	  "
??TIME				  Text	 "11:42:33"
??VERSION			  Number 040A
@32BIT				  Text	 0
@CODE				  Text	 DGROUP
@CODESIZE			  Text	 0
@CPU				  Text	 0101H
@CURSEG				  Text	 _TEXT
@DATA				  Text	 DGROUP
@DATASIZE			  Text	 0
@FILENAME			  Text	 FINAL
@INTERFACE			  Text	 000H
@MODEL				  Text	 1
@STACK				  Text	 DGROUP
@WORDSIZE			  Text	 2
BUFFER				  Byte	 DGROUP:011C
START				  Near	 DGROUP:0100
WHILYE				  Near	 DGROUP:0111

Groups & Segments		  Bit Size Align  Combine Class

DGROUP				  Group
  _DATA				  16  0000 Word	  Public  DATA
  _TEXT				  16  0182 Word	  Public  CODE
