Turbo Assembler	 Version 4.1	    02/09/26 21:31:28	    Page 1
str.asm



      1	0000			     .model tiny
      2	0000			     .code
      3				     org 100h
      4
      5	0100  B8 B814		     start:	     mov ax, 0b814h
      6	0103  8E C0				     mov es, ax
      7	0105  B4 4E				     mov ah, 4eh
      8	0107  BB 0116r				     mov bx, offset string
      9	010A  8A 47 0F				     mov al, [bx + 15]
     10
     11	010D  BF 0000				     mov di, 0
     12	0110  AB				     stosw
     13
     14	0111  B8 4C00				     mov ax, 4c00h
     15	0114  CD 21				     int 21h
     16
     17	0116  48 65 6C 6C 6F 2C	20+  string	     db	'Hello,	world!', '!'
     18	      77 6F 72 6C 64 21	21
     19
     20				     end start
Turbo Assembler	 Version 4.1	    02/09/26 21:31:28	    Page 2
Symbol Table




Symbol Name			  Type	 Value

??DATE				  Text	 "02/09/26"
??FILENAME			  Text	 "str	  "
??TIME				  Text	 "21:31:27"
??VERSION			  Number 040A
@32BIT				  Text	 0
@CODE				  Text	 DGROUP
@CODESIZE			  Text	 0
@CPU				  Text	 0101H
@CURSEG				  Text	 _TEXT
@DATA				  Text	 DGROUP
@DATASIZE			  Text	 0
@FILENAME			  Text	 STR
@INTERFACE			  Text	 000H
@MODEL				  Text	 1
@STACK				  Text	 DGROUP
@WORDSIZE			  Text	 2
START				  Near	 DGROUP:0100
STRING				  Byte	 DGROUP:0116

Groups & Segments		  Bit Size Align  Combine Class

DGROUP				  Group
  _DATA				  16  0000 Word	  Public  DATA
  _TEXT				  16  0124 Word	  Public  CODE
