Turbo Assembler	 Version 4.1	    02/10/26 20:57:13	    Page 1
table.asm



      1	0000			     .model tiny
      2	0000			     .code
      3				     org 100h
      4
      5	0100  B8 B814		     start:	     mov ax, 0b814h
      6	0103  05 0078				     add ax, 78h
      7	0106  8E C0				     mov es, ax
      8
      9	0108  33 DB				     xor bx, bx
     10	010A  26: C6 07	03			     mov byte ptr es:[bx], 03h
     11	010E  26: C6 47	01 CE			     mov byte ptr es:[bx + 1], 0ceh
     12
     13	0113  BB 0080				     mov bx, 80h
     14	0116  8A 0F				     mov cl, [bx]
     15	0118  BB 0050				     mov bx, 50h
     16	011B  B5 00				     mov ch, 0h
     17	011D  8B F1				     mov si, cx
     18	011F  D1 EE				     shr si, 1d
     19	0121  D1 E6				     sal si, 1d
     20	0123  2B DE				     sub bx, si
     21	0125  83 EB 06				     sub bx, 6h
     22
     23	0128  B4 8E				     mov ah, 8eh	     ; color of	table
     24
     25	012A  B0 DA				     mov al, 0dah	     ; ul_ang
     26	012C  8B FB				     mov di, bx
     27	012E  AB				     stosw
     28
     29	012F  B0 C4				     mov al, 0c4h	     ; upside
     30	0131  8B FB				     mov di, bx
     31	0133  83 C7 02				     add di, 2h
     32	0136  8B F1				     mov si, cx
     33	0138  83 C1 04				     add cx, 4h
     34	013B  F3> AB				     rep stosw
     35	013D  8B CE				     mov cx, si
     36
     37	013F  B0 BF				     mov al, 0bfh	     ; ur_ang
     38	0141  8B FB				     mov di, bx
     39	0143  83 C7 02				     add di, 2h
     40	0146  8B F1				     mov si, cx
     41	0148  D1 E6				     sal si, 1d
     42	014A  83 C6 08				     add si, 8h
     43	014D  03 FE				     add di, si
     44	014F  AB				     stosw
     45
     46	0150  B0 B3				     mov al, 0b3h	     ; lside
     47	0152  BE 009E				     mov si, 9Eh
     48	0155  8B FB				     mov di, bx
     49	0157  83 C7 02				     add di, 2h
     50	015A  03 FE				     add di, si
     51	015C  AB				     stosw
     52	015D  03 FE				     add di, si
     53	015F  AB				     stosw
     54	0160  03 FE				     add di, si
     55	0162  AB				     stosw
     56
     57
Turbo Assembler	 Version 4.1	    02/10/26 20:57:13	    Page 2
table.asm



     58	0163  B8 4C00		     prog_end:	     mov ax, 4c00h
     59	0166  CD 21				     int 21h
     60
     61				     end start
Turbo Assembler	 Version 4.1	    02/10/26 20:57:13	    Page 3
Symbol Table




Symbol Name			  Type	 Value

??DATE				  Text	 "02/10/26"
??FILENAME			  Text	 "table	  "
??TIME				  Text	 "20:57:13"
??VERSION			  Number 040A
@32BIT				  Text	 0
@CODE				  Text	 DGROUP
@CODESIZE			  Text	 0
@CPU				  Text	 0101H
@CURSEG				  Text	 _TEXT
@DATA				  Text	 DGROUP
@DATASIZE			  Text	 0
@FILENAME			  Text	 TABLE
@INTERFACE			  Text	 000H
@MODEL				  Text	 1
@STACK				  Text	 DGROUP
@WORDSIZE			  Text	 2
PROG_END			  Near	 DGROUP:0163
START				  Near	 DGROUP:0100

Groups & Segments		  Bit Size Align  Combine Class

DGROUP				  Group
  _DATA				  16  0000 Word	  Public  DATA
  _TEXT				  16  0168 Word	  Public  CODE
