Turbo Assembler	 Version 4.1	    02/09/26 17:48:50	    Page 1
test.asm



      1	0000			     .model tiny
      2	0000			     .code
      3				     org 100h
      4
      5	0100  B8 B814		     Start:	     mov ax, 0b814h
      6	0103  8E C0				     mov es, ax
      7	0105  33 DB				     xor bx, bx
      8	0107  26: C6 07	03			     mov byte ptr es:[bx], 03h
      9	010B  26: C6 47	01 CE			     mov byte ptr es:[bx + 1], 0ceh
     10
     11	0110  B8 4C00				     mov ax, 4c00h
     12	0113  CD 21				     int 21h
     13
     14				     end Start
Turbo Assembler	 Version 4.1	    02/09/26 17:48:50	    Page 2
Symbol Table




Symbol Name			  Type	 Value

??DATE				  Text	 "02/09/26"
??FILENAME			  Text	 "test	  "
??TIME				  Text	 "17:48:50"
??VERSION			  Number 040A
@32BIT				  Text	 0
@CODE				  Text	 DGROUP
@CODESIZE			  Text	 0
@CPU				  Text	 0101H
@CURSEG				  Text	 _TEXT
@DATA				  Text	 DGROUP
@DATASIZE			  Text	 0
@FILENAME			  Text	 TEST
@INTERFACE			  Text	 000H
@MODEL				  Text	 1
@STACK				  Text	 DGROUP
@WORDSIZE			  Text	 2
START				  Near	 DGROUP:0100

Groups & Segments		  Bit Size Align  Combine Class

DGROUP				  Group
  _DATA				  16  0000 Word	  Public  DATA
  _TEXT				  16  0115 Word	  Public  CODE
