Turbo Assembler	 Version 4.1	    03/01/26 13:01:04	    Page 1
test_dri.asm



      1	0000			     .model tiny
      2	0000			     .code
      3				     org 100h
      4
      5	      =0025		     START_KEY	     equ 25h
      6	      =0001		     STOP_KEY	     equ 01h
      7
      8	0100			     start:
      9	0100			       @@first_loop:
     10	0100  E4 60				     in	al, 60h
     11	0102  3C 25				     cmp al, START_KEY
     12	0104  74 02				     je	@@set
     13	0106  EB F8				     jmp @@first_loop
     14
     15	0108				     @@set:
     16	0108  B0 00				     mov al, 0h
     17	010A  B4 01				     mov ah, 1h
     18	010C  BB 0200				     mov bx, 200h
     19	010F  B9 0300				     mov cx, 300h
     20	0112  BA 0400				     mov dx, 400h
     21
     22	0115			     @@looop:
     23	0115  E4 60				     in	al, 60h
     24	0117  3C 01				     cmp al, STOP_KEY
     25	0119  74 0C				     je	@@end_loop
     26
     27	011B  E4 61				     in	al, 61h
     28	011D  0C 80				     or	al, 80h
     29	011F  E6 61				     out 61h, al
     30	0121  24 7F				     and al, not 80h
     31	0123  E6 61				     out 61h, al
     32	0125  EB EE				     jmp @@looop
     33
     34	0127  E4 61		     @@end_loop:     in	al, 61h
     35	0129  0C 80				     or	al, 80h
     36	012B  E6 61				     out 61h, al
     37	012D  24 7F				     and al, not 80h
     38	012F  E6 61				     out 61h, al
     39
     40				     end start
Turbo Assembler	 Version 4.1	    03/01/26 13:01:04	    Page 2
Symbol Table




Symbol Name			  Type	 Value

??DATE				  Text	 "03/01/26"
??FILENAME			  Text	 "test_dri"
??TIME				  Text	 "13:01:04"
??VERSION			  Number 040A
@32BIT				  Text	 0
@@END_LOOP			  Near	 DGROUP:0127
@@FIRST_LOOP			  Near	 DGROUP:0100
@@LOOOP				  Near	 DGROUP:0115
@@SET				  Near	 DGROUP:0108
@CODE				  Text	 DGROUP
@CODESIZE			  Text	 0
@CPU				  Text	 0101H
@CURSEG				  Text	 _TEXT
@DATA				  Text	 DGROUP
@DATASIZE			  Text	 0
@FILENAME			  Text	 TEST_DRI
@INTERFACE			  Text	 000H
@MODEL				  Text	 1
@STACK				  Text	 DGROUP
@WORDSIZE			  Text	 2
START				  Near	 DGROUP:0100
START_KEY			  Number 0025
STOP_KEY			  Number 0001

Groups & Segments		  Bit Size Align  Combine Class

DGROUP				  Group
  _DATA				  16  0000 Word	  Public  DATA
  _TEXT				  16  0131 Word	  Public  CODE
