Turbo Assembler	 Version 4.1	    03/05/26 15:42:57	    Page 1
test_dri.asm



      1	0000			     .model tiny
      2	0000			     .code
      3				     org 100h
      4
      5	      =0025		     START_KEY	     equ 25h
      6	      =0001		     STOP_KEY	     equ 01h
      7
      8	0100			     start:
      9	0100			       @@first_loop:
     10	0100  E4 60				     in	al, 60h
     11	0102  3C 25				     cmp al, START_KEY
     12	0104  74 02				     je	@@set
     13	0106  EB F8				     jmp @@first_loop
     14
     15	0108				     @@set:
     16	0108  54 1E				     push sp ds
     17	010A  B4 FA				     mov ah, 0fah
     18	010C  BB 0200				     mov bx, 200h
     19	010F  B9 0300				     mov cx, 300h
     20	0112  BA 0400				     mov dx, 400h
     21	0115  50 55 8B EC C7 46	02+		     push 0abbah
     22	      ABBA 5D
     23	011F  1F				     pop ds
     24	0120  B8 DADA				     mov ax, 0dadah
     25	0123  8E C0				     mov es, ax
     26	0125  BE EEEE				     mov si, 0eeeeh
     27	0128  BF ACDC				     mov di, 0acdch
     28	012B  BD 0EDA				     mov bp, 0edah
     29	012E  BC 0DED				     mov sp, 0dedh
     30
     31	0131			     @@looop:
     32	0131  E4 60				     in	al, 60h
     33	0133  3C 01				     cmp al, STOP_KEY
     34	0135  74 02				     je	@@end_loop
     35	0137  EB F8				     jmp @@looop
     36
     37	0139  E4 61		     @@end_loop:     in	al, 61h
     38	013B  0C 80				     or	al, 80h
     39	013D  E6 61				     out 61h, al
     40	013F  24 7F				     and al, not 80h
     41	0141  E6 61				     out 61h, al
     42
     43	0143  1F 5C				     pop ds sp
     44
     45	0145  B8 4C00				     mov ax, 4c00h
     46	0148  CD 21				     int 21h
     47
     48				     end start
Turbo Assembler	 Version 4.1	    03/05/26 15:42:57	    Page 2
Symbol Table




Symbol Name			  Type	 Value

??DATE				  Text	 "03/05/26"
??FILENAME			  Text	 "test_dri"
??TIME				  Text	 "15:42:57"
??VERSION			  Number 040A
@32BIT				  Text	 0
@@END_LOOP			  Near	 DGROUP:0139
@@FIRST_LOOP			  Near	 DGROUP:0100
@@LOOOP				  Near	 DGROUP:0131
@@SET				  Near	 DGROUP:0108
@CODE				  Text	 DGROUP
@CODESIZE			  Text	 0
@CPU				  Text	 0101H
@CURSEG				  Text	 _TEXT
@DATA				  Text	 DGROUP
@DATASIZE			  Text	 0
@FILENAME			  Text	 TEST_DRI
@INTERFACE			  Text	 000H
@MODEL				  Text	 1
@STACK				  Text	 DGROUP
@WORDSIZE			  Text	 2
START				  Near	 DGROUP:0100
START_KEY			  Number 0025
STOP_KEY			  Number 0001

Groups & Segments		  Bit Size Align  Combine Class

DGROUP				  Group
  _DATA				  16  0000 Word	  Public  DATA
  _TEXT				  16  014A Word	  Public  CODE
